// Jest Snapshot v1, https://goo.gl/fbAQLP

exports[`Drawer component renders correctly 1`] = `
<div
  id="drawer-wrapper"
>
  <div
    className="  "
  >
    Renders correctly
  </div>
  <aside
    className="tcp-drawer__isOpen_l1 display-small-none display-medium-none display-large-none"
  >
    <div
      className="tcp-drawer-content"
      id="tcp-nav-drawer"
    >
      Renders correctly
    </div>
  </aside>
</div>
`;
